../Core/Src/main.c:107:5:main	24	static
../Core/Src/main.c:170:6:SystemClock_Config	88	static
../Core/Src/main.c:217:13:MX_ADC1_Init	24	static
../Core/Src/main.c:269:13:MX_I2C1_Init	8	static
../Core/Src/main.c:303:13:MX_I2C2_Init	8	static
../Core/Src/main.c:337:13:MX_TIM1_Init	80	static
../Core/Src/main.c:406:13:MX_TIM2_Init	56	static
../Core/Src/main.c:455:13:MX_TIM3_Init	80	static
../Core/Src/main.c:522:13:MX_TIM9_Init	40	static
../Core/Src/main.c:568:13:MX_TIM10_Init	40	static
../Core/Src/main.c:614:13:MX_TIM11_Init	40	static
../Core/Src/main.c:660:13:MX_USART1_UART_Init	8	static
../Core/Src/main.c:693:13:MX_GPIO_Init	40	static
../Core/Src/main.c:731:6:HAL_UART_RxCpltCallback	56	static
../Core/Src/main.c:798:6:Error_Handler	4	static,ignoring_inline_asm
