../Core/Src/main.c:160:6:dwt_init	4	static
../Core/Src/main.c:170:6:servo_pwm_update	16	static
../Core/Src/main.c:204:5:main	120	static
../Core/Src/main.c:560:6:SystemClock_Config	88	static
../Core/Src/main.c:607:13:MX_ADC1_Init	24	static
../Core/Src/main.c:659:13:MX_I2C1_Init	8	static
../Core/Src/main.c:693:13:MX_I2C2_Init	8	static
../Core/Src/main.c:727:13:MX_TIM1_Init	80	static
../Core/Src/main.c:804:13:MX_TIM2_Init	56	static
../Core/Src/main.c:853:13:MX_TIM3_Init	56	static
../Core/Src/main.c:902:13:MX_TIM9_Init	40	static
../Core/Src/main.c:948:13:MX_TIM10_Init	40	static
../Core/Src/main.c:994:13:MX_TIM11_Init	40	static
../Core/Src/main.c:1040:13:MX_USART1_UART_Init	8	static
../Core/Src/main.c:1073:13:MX_GPIO_Init	40	static
../Core/Src/main.c:1111:6:HAL_UART_RxCpltCallback	96	static
../Core/Src/main.c:1275:6:Error_Handler	4	static,ignoring_inline_asm
